
git init

$ git add .
# Adds the files in the local repository and stages them for commit. To unstage a file, use 'git reset HEAD YOUR-FILE'.


$ git commit -m "First commit"
# Commits the tracked changes and prepares them to be pushed to a remote repository. To remove this commit and modify the file, use 'git reset --soft HEAD~1' and commit and add the file again.


At the top of your GitHub repository's Quick Setup page, click  to copy the remote repository URL.


$ git remote add origin remote repository URL# Sets the new remote
$ git remote -v
# Verifies the new remote URL


Example
 git remote add origin https://github.com/user/repo.git
# Set a new remote

$ git remote -v
# Verify new remote
> origin  https://github.com/user/repo.git (fetch)
> origin  https://github.com/user/repo.git (push)


$ git push origin master --force
# Pushes the changes in your local repository up to the remote repository you spec

---------------  git push origin master --force



-----------git error: failed to push some refs to

git pull --rebase origin master
git push origin master
